tab:	here quote:"q" backslash:\ done
true
2.5 3.0
65B
nosirg
steli
10
true
true
5
123
true
true
2 -3
a.b.c
9
10
1 2
11/22
-5 -5 -2.5
true
2
shadowed id
10
origin east west vertical elsewhere
3
0
true
L1Rx
15 25
2
first
second
Alice (31)
Bob (7)
z (1)
Alice Zed
13
hi Ada
9
10
42
n1
7
a1
Alice
2121
1
2
(4,6)
