the japanese owns the zebra
the norwegian drinks water

1. yellow norwegian     fox       water         kools
2. blue   ukrainian     horse     tea           chesterfields
3. red    englishman    snails    milk          old_gold
4. ivory  spaniard      dog       orange_juice  lucky_strike
5. green  japanese      zebra     coffee        parliaments

solutions: 1
