func answer$1:
  b0:
    v0 = param                             ; a1.19
    v1 = const "yes"
    v2 = const "no"
    switch v0 [true -> b2, false -> b1]
  b1:                             ; preds b0
    ret v2
  b2:                             ; preds b0
    ret v1

func describe$2:
  b0:
    v0 = param                             ; a1.20
    v1 = global answer
    v2 = const "it is "
    v3 = call v1, v0                       ; t.60
    v4 = prim ^ v2, v3                     ; t.61
    ret v4

func inline$3:
  b0:
    v0 = param                             ; a1.21
    v1 = const "yes"
    v2 = const "no"
    v3 = const "it is "
    switch v0 [true -> b2, false -> b1]
  b1:                             ; preds b0
    jump b3
  b2:                             ; preds b0
    jump b3
  b3:                             ; preds b2 b1
    v4 = phi [b2: v1, b1: v2]              ; v
    v5 = prim ^ v3, v4                     ; t.62
    ret v5

func both$4:
  b0:
    v0 = param                             ; a1.22
    v1 = const "yes"
    v2 = const "no"
    v3 = field v0, 1(0)                    ; p.57
    v4 = field v0, 2(1)                    ; p.58
    switch v3 [true -> b2, _ -> b1]
  b1:                             ; preds b0
    jump b4
  b2:                             ; preds b0
    switch v4 [1 -> b5, _ -> b3]
  b3:                             ; preds b2
    jump b4
  b4:                             ; preds b3 b1
    ret v2
  b5:                             ; preds b2
    ret v1

-- val answer : bool -> string
func $answer:
  b0:
    v0 = mkclos answer$1, 0                ; answer
    ret v0

-- val describe : bool -> string
func $describe:
  b0:
    v0 = mkclos describe$2, 0              ; describe
    ret v0

-- val inline : bool -> string
func $inline:
  b0:
    v0 = mkclos inline$3, 0                ; inline
    ret v0

-- val both : bool * int -> string
func $both:
  b0:
    v0 = mkclos both$4, 0                  ; both
    ret v0

-- val shown : string * string * string * string
func $shown:
  b0:
    v0 = global answer
    v1 = global describe
    v2 = global inline
    v3 = const 1
    v4 = global both
    v5 = con true/1                        ; t.63
    v6 = call v0, v5                       ; t.64
    v7 = con false/0                       ; t.65
    v8 = call v1, v7                       ; t.66
    v9 = con true/1                        ; t.67
    v10 = call v2, v9                      ; t.68
    v11 = con true/1                       ; t.69
    v12 = record { 1 = v11, 2 = v3 }       ; t.70
    v13 = call v4, v12                     ; t.71
    v14 = record { 1 = v6, 2 = v8, 3 = v10, 4 = v13 } ; t.72
    ret v14

