func answer$1:
  b0:
    v0 = param                             ; a1.19
    switch v0 [true -> b2, false -> b1]
  b1:                             ; preds b0
    v1 = const "no"
    ret v1
  b2:                             ; preds b0
    v2 = const "yes"
    ret v2

func describe$2:
  b0:
    v0 = param                             ; a1.20
    v1 = global answer
    v2 = call v1, v0                       ; t.60
    v3 = const "it is "
    v4 = prim ^ v3, v2                     ; t.61
    ret v4

func inline$3:
  b0:
    v0 = param                             ; a1.21
    switch v0 [true -> b2, false -> b1]
  b1:                             ; preds b0
    v1 = const "no"
    jump b3
  b2:                             ; preds b0
    v2 = const "yes"
    jump b3
  b3:                             ; preds b2 b1
    v3 = phi [b2: v2, b1: v1]              ; v
    v4 = const "it is "
    v5 = prim ^ v4, v3                     ; t.62
    ret v5

func both$4:
  b0:
    v0 = param                             ; a1.22
    v1 = field v0, 1(0)                    ; p.57
    v2 = field v0, 2(1)                    ; p.58
    switch v1 [true -> b2, _ -> b1]
  b1:                             ; preds b0
    jump b4
  b2:                             ; preds b0
    switch v2 [1 -> b5, _ -> b3]
  b3:                             ; preds b2
    jump b4
  b4:                             ; preds b3 b1
    v3 = const "no"
    ret v3
  b5:                             ; preds b2
    v4 = const "yes"
    ret v4

-- val answer : bool -> string
func $answer:
  b0:
    v0 = mkclos answer$1, 0                ; answer
    ret v0

-- val describe : bool -> string
func $describe:
  b0:
    v0 = mkclos describe$2, 0              ; describe
    ret v0

-- val inline : bool -> string
func $inline:
  b0:
    v0 = mkclos inline$3, 0                ; inline
    ret v0

-- val both : bool * int -> string
func $both:
  b0:
    v0 = mkclos both$4, 0                  ; both
    ret v0

-- val shown : string * string * string * string
func $shown:
  b0:
    v0 = con true/1                        ; t.63
    v1 = global answer
    v2 = call v1, v0                       ; t.64
    v3 = con false/0                       ; t.65
    v4 = global describe
    v5 = call v4, v3                       ; t.66
    v6 = con true/1                        ; t.67
    v7 = global inline
    v8 = call v7, v6                       ; t.68
    v9 = con true/1                        ; t.69
    v10 = const 1
    v11 = record { 1 = v9, 2 = v10 }       ; t.70
    v12 = global both
    v13 = call v12, v11                    ; t.71
    v14 = record { 1 = v2, 2 = v5, 3 = v8, 4 = v13 } ; t.72
    ret v14

