val counter : int ref = ref 0
val now : int = 2
val bump : int ref -> int = fn
val next : int = 3
val alias : int ref = ref 3
val throughTheOther : int = 100
val same : bool = true
val other : bool = false
val makeCounter : unit -> unit -> int = fn
val tick : unit -> int = fn
val one : int = 1
val two : int = 2
val restart : int = 1
val zeroes : int array = [|0, 0, 0, 0, 0|]
val contents : int list = [10, 0, 0, 0, 40]
val reverse : 'a array -> 'a array = fn
val backwards : int list = [5, 4, 3, 2, 1]
val holder : int list ref = ref []
val held : int list = [1, 2]
