val edge : int = 1073741824
val under : int = 1073741823
val over : int = 1073741825
val addUnder : int -> int = fn
val addEdge : int -> int = fn
val addWide : int -> int = fn
val a1 : int = 1073741828
val a2 : int = 1073741829
val a3 : int = 3000000005
val subUnder : int -> int = fn
val subEdge : int -> int = fn
val subWide : int -> int = fn
val addNegEdge : int -> int = fn
val subNegEdge : int -> int = fn
val s1 : int = ~1073741818
val s2 : int = ~1073741819
val s3 : int = ~2999999995
val s4 : int = ~1073741819
val s5 : int = 1073741829
val timesWide : int -> int = fn
val m1 : int = 21000000000
val m2 : int = 9000000000
val classify : int -> string = fn
val c1 : string = "wide"
val c2 : string = "edge"
val c3 : string = "under"
val c4 : string = "other"
val countTo : int * int * int -> int = fn
val loop : int = 9000000000
val big : int = 1152921504606846976
val small : int = ~1152921504606846976
val ordered : bool * bool * bool * bool = (true, true, true, true)
val roundtrip : string = "3000000000 ~3000000000"
