val zeroes : int array = [|0, 0, 0, 0, 0|]
val contents : int list = [10, 0, 0, 0, 40]
val alias : int array = [|10, 0, 0, 0, 40|]
val throughTheOther : int = 99
val makeCounter : unit -> unit -> int = fn
val tick : unit -> int = fn
val one : int = 1
val two : int = 2
val three : int = 3
val other : unit -> int = fn
val restart : int = 1
val reverse : 'a array -> 'a array = fn
val backwards : int list = [5, 4, 3, 2, 1]
val holder : int list array = [|[]|]
val held : int list = [1, 2]
