(global x int)
(global rising bool 1)
(func main (result f64)
  (local next_value int)
  (local result float)
  (local x_next int)
  (local rising_next bool)
  (set next_value (+ x (select rising 1 -1)))
  (log (float next_value))
  (set result (float next_value))
  (set x_next next_value)
  (set rising_next (select (or (>= next_value 10) (<= next_value 0)) (not rising) rising))
  (set x x_next)
  (set rising rising_next)
  (return result))
