(module
  (import "env" "log" (func $log (param f64)))
  (import "env" "random" (func $random (result f64)))
  (import "env" "watch" (func $watch (param i32) (param f64) (result f64)))
  (func $main (export "main") (param $n f64) (result f64)
    (local $cur f64)
    (local $steps f64)
    (local $cur_next f64)
    (local $steps_next f64)
    (local $t0 f64)
    (local $t1 f64)
    local.get $n
    local.set $cur
    f64.const 0.0
    local.set $steps
    block
      loop
        local.get $cur
        f64.const 1.0
        f64.ne
        i32.eqz
        br_if 1
        local.get $cur
        call $log
        local.get $cur
        f64.const 2.0
        f64.div
        f64.const 3.0
        local.get $cur
        f64.mul
        f64.const 1.0
        f64.add
        local.get $cur
        local.set $t0
        f64.const 2.0
        local.set $t1
        local.get $t0
        local.get $t0
        local.get $t1
        f64.div
        f64.trunc
        local.get $t1
        f64.mul
        f64.sub
        f64.const 0.0
        f64.eq
        select
        local.set $cur_next
        local.get $steps
        f64.const 1.0
        f64.add
        local.set $steps_next
        local.get $cur_next
        local.set $cur
        local.get $steps_next
        local.set $steps
        br 0
      end
    end
    local.get $steps
    return
    f64.const 0.0
  )
)
