fun main() -> f64 {
  var j : int = 0
  var acc : int = 0
  var j_next : int = 0
  var acc_next : int = 0
  var k : int = 0
  j = 5
  acc = 0
  while (j >= 1) {
    j_next = (j + -1)
    acc_next = (acc + j)
    j = j_next
    acc = acc_next
  }
  k = 0
  while (((k - 10) * (1 + 1)) <= 0) {
    log float(k)
    k = (k + (1 + 1))
  }
  return float(acc)
}
