# no start node
  the graph has no start node

# two start nodes
  s2: there can only be one start node

# an unconnected input
  e: the value input is not connected

# a number where a condition belongs
  w: the cond input wants a true or false but is given a whole number

# a condition where a number belongs
  e: the value input wants a number but is given a true or false

# a data cycle
  add: this node's value depends on itself

# two chains running into one node
  e: two chains run into this node; a node belongs to one chain

# an unknown start input
  s: the start node has no input called m

# an unknown loop state
  w: the init:i input is not connected
  w: the cond input is not connected
  w: the step:i input is not connected
  w: this loop has no state called j

# a loop state declared twice
  w: i is declared twice
  w: the init:i input is not connected
  w: the cond input is not connected
  w: the step:i input is not connected

# not JSON at all
  the graph is not valid JSON: Line 1, bytes 12-13:
Unexpected end of input

