(func main (result f64)
  (local r int)
  (local c int)
  (set r 1)
  (loop $1
    (if (<= r 4)
      (then
        (set c 1)
        (loop $2
          (if (<= c r)
            (then
              (log (float (* r c)))
              (set c (+ c 1))
              (br $2))
            (else
              (set r (+ r 1))
              (br $1)))))
      (else
        (return 0)))))
