{
  "categories": [ "Flow", "Operators", "Values" ],
  "nodes": [
    {
      "type": "start",
      "title": "Start",
      "glyph": "▶",
      "color": "#12b76a",
      "category": "Flow",
      "hint": "Where the flow begins. Its inputs are the exported function's parameters.",
      "execIn": [],
      "execOut": [ { "id": "next", "label": "next", "kind": "exec" } ],
      "inputs": [],
      "outputs": [],
      "data": { "params": [ { "name": "n" } ] },
      "fields": [
        {
          "key": "params",
          "label": "Inputs",
          "kind": "names",
          "itemLabel": "input"
        }
      ],
      "entry": null,
      "variants": null,
      "unique": true
    },
    {
      "type": "end",
      "title": "End",
      "glyph": "■",
      "color": "#f79009",
      "category": "Flow",
      "hint": "Return a value and stop.",
      "execIn": [ { "id": "in", "label": "in", "kind": "exec" } ],
      "execOut": [],
      "inputs": [ { "id": "value", "label": "result", "kind": "num" } ],
      "outputs": [],
      "data": {},
      "fields": [],
      "entry": null,
      "variants": null,
      "unique": false
    },
    {
      "type": "select",
      "title": "Choose",
      "glyph": "?",
      "color": "#f04438",
      "category": "Flow",
      "hint": "The only branch there is: pick one of two numbers by a condition. Both are evaluated, which is safe because nothing in an expression has an effect.",
      "execIn": [],
      "execOut": [],
      "inputs": [
        { "id": "cond", "label": "if", "kind": "bool" },
        { "id": "a", "label": "then", "kind": "num" },
        { "id": "b", "label": "else", "kind": "num" }
      ],
      "outputs": [ { "id": "out", "label": "result", "kind": "num" } ],
      "data": {},
      "fields": [],
      "entry": null,
      "variants": null,
      "unique": false
    },
    {
      "type": "condition",
      "title": "Condition",
      "glyph": "Y",
      "color": "#f04438",
      "category": "Flow",
      "hint": "Sends the flow one way or the other. A loop is a Condition with a wire running back into it from the end of the body.",
      "execIn": [ { "id": "in", "label": "in", "kind": "exec" } ],
      "execOut": [
        { "id": "true", "label": "true", "kind": "exec" },
        { "id": "false", "label": "false", "kind": "exec" }
      ],
      "inputs": [ { "id": "cond", "label": "test", "kind": "bool" } ],
      "outputs": [],
      "data": {},
      "fields": [],
      "entry": null,
      "variants": null,
      "unique": false
    },
    {
      "type": "counter",
      "title": "Counter",
      "glyph": "i",
      "color": "#06aed4",
      "category": "Flow",
      "hint": "Counts. It starts at one value and, every time the flow passes through it, adds another to what it holds. Wire `by` to something other than a constant and it accumulates.",
      "execIn": [ { "id": "in", "label": "in", "kind": "exec" } ],
      "execOut": [ { "id": "next", "label": "next", "kind": "exec" } ],
      "inputs": [
        { "id": "from", "label": "starts at", "kind": "num" },
        { "id": "by", "label": "moves by", "kind": "num" }
      ],
      "outputs": [ { "id": "value", "label": "value", "kind": "num" } ],
      "data": { "name": "i", "values": { "from": 0, "by": 1 } },
      "fields": [ { "key": "name", "label": "Name", "kind": "text" } ],
      "entry": null,
      "variants": null,
      "unique": false
    },
    {
      "type": "state",
      "title": "State",
      "glyph": "S",
      "color": "#15b79e",
      "category": "Flow",
      "hint": "Remembers one number. Passing through stores what it is fed, and reading its output anywhere gives back the last thing stored. There is a second way through, `reset`, that puts back what it started with -- which is what a state inside a loop needs and a Counter cannot say.",
      "execIn": [
        { "id": "in", "label": "in", "kind": "exec" },
        { "id": "reset", "label": "reset", "kind": "exec" }
      ],
      "execOut": [
        { "id": "next", "label": "next", "kind": "exec" },
        { "id": "after", "label": "after reset", "kind": "exec" }
      ],
      "inputs": [
        { "id": "initial", "label": "starts at", "kind": "num" },
        { "id": "value", "label": "stores", "kind": "num" }
      ],
      "outputs": [ { "id": "value", "label": "value", "kind": "num" } ],
      "data": { "name": "s", "values": { "initial": 0 } },
      "fields": [ { "key": "name", "label": "Name", "kind": "text" } ],
      "entry": null,
      "variants": null,
      "unique": false
    },
    {
      "type": "forloop",
      "title": "For Loop",
      "glyph": "1..n",
      "color": "#d444f1",
      "category": "Flow",
      "hint": "Counts from the first value to the last, running the body once for each. It is a Counter and a Condition wired into a loop, drawn as one node: the end of the body goes back to it on its own.",
      "execIn": [ { "id": "in", "label": "in", "kind": "exec" } ],
      "execOut": [
        { "id": "body", "label": "body", "kind": "exec" },
        { "id": "done", "label": "done", "kind": "exec" }
      ],
      "inputs": [
        { "id": "first", "label": "from", "kind": "num" },
        { "id": "last", "label": "to", "kind": "num" }
      ],
      "outputs": [ { "id": "index", "label": "index", "kind": "num" } ],
      "data": { "name": "i", "values": { "first": 1, "last": 10 } },
      "fields": [ { "key": "name", "label": "Name", "kind": "text" } ],
      "entry": null,
      "variants": null,
      "unique": false
    },
    {
      "type": "log",
      "title": "Log",
      "glyph": "✎",
      "color": "#0ba5ec",
      "category": "Flow",
      "hint": "Hand a value to the host. In the module this is a call to env.log.",
      "execIn": [ { "id": "in", "label": "in", "kind": "exec" } ],
      "execOut": [ { "id": "next", "label": "next", "kind": "exec" } ],
      "inputs": [ { "id": "value", "label": "value", "kind": "num" } ],
      "outputs": [],
      "data": {},
      "fields": [],
      "entry": null,
      "variants": null,
      "unique": false
    },
    {
      "type": "binop",
      "title": "Arithmetic",
      "glyph": "+",
      "color": "#2e90fa",
      "category": "Operators",
      "hint": "Combine two numbers.",
      "execIn": [],
      "execOut": [],
      "inputs": [
        { "id": "a", "label": "A", "kind": "num" },
        { "id": "b", "label": "B", "kind": "num" }
      ],
      "outputs": [ { "id": "out", "label": "result", "kind": "num" } ],
      "data": { "op": "add" },
      "fields": [
        {
          "key": "op",
          "label": "Operator",
          "kind": "select",
          "options": [
            [ "add", "Add  +" ],
            [ "sub", "Subtract  −" ],
            [ "mul", "Multiply  ×" ],
            [ "div", "Divide  ÷" ],
            [ "mod", "Remainder  %" ],
            [ "min", "Minimum  min" ],
            [ "max", "Maximum  max" ]
          ]
        }
      ],
      "entry": null,
      "variants": {
        "key": "op",
        "of": [
          { "id": "add", "name": "Add", "sign": "+" },
          { "id": "sub", "name": "Subtract", "sign": "−" },
          { "id": "mul", "name": "Multiply", "sign": "×" },
          { "id": "div", "name": "Divide", "sign": "÷" },
          { "id": "mod", "name": "Remainder", "sign": "%" },
          { "id": "min", "name": "Minimum", "sign": "min" },
          { "id": "max", "name": "Maximum", "sign": "max" }
        ]
      },
      "unique": false
    },
    {
      "type": "unop",
      "title": "Math function",
      "glyph": "ƒ",
      "color": "#2e90fa",
      "category": "Operators",
      "hint": "A built-in that takes one number.",
      "execIn": [],
      "execOut": [],
      "inputs": [ { "id": "a", "label": "A", "kind": "num" } ],
      "outputs": [ { "id": "out", "label": "result", "kind": "num" } ],
      "data": { "op": "abs" },
      "fields": [
        {
          "key": "op",
          "label": "Function",
          "kind": "select",
          "options": [
            [ "neg", "Negate  neg" ],
            [ "abs", "Absolute value  abs" ],
            [ "sqrt", "Square root  sqrt" ],
            [ "floor", "Round down  floor" ],
            [ "ceil", "Round up  ceil" ],
            [ "round", "Round" ]
          ]
        }
      ],
      "entry": null,
      "variants": {
        "key": "op",
        "of": [
          { "id": "neg", "name": "Negate", "sign": "neg" },
          {
            "id": "abs",
            "name": "Absolute value",
            "short": "Absolute",
            "sign": "abs"
          },
          { "id": "sqrt", "name": "Square root", "sign": "sqrt" },
          { "id": "floor", "name": "Round down", "sign": "floor" },
          { "id": "ceil", "name": "Round up", "sign": "ceil" },
          { "id": "round", "name": "Round", "sign": "round" }
        ]
      },
      "unique": false
    },
    {
      "type": "compare",
      "title": "Comparison",
      "glyph": "<",
      "color": "#7a5af8",
      "category": "Operators",
      "hint": "Compare two numbers and produce true or false.",
      "execIn": [],
      "execOut": [],
      "inputs": [
        { "id": "a", "label": "A", "kind": "num" },
        { "id": "b", "label": "B", "kind": "num" }
      ],
      "outputs": [ { "id": "out", "label": "result", "kind": "bool" } ],
      "data": { "op": "lt" },
      "fields": [
        {
          "key": "op",
          "label": "Test",
          "kind": "select",
          "options": [
            [ "lt", "Less than  <" ],
            [ "le", "At most  ≤" ],
            [ "gt", "Greater than  >" ],
            [ "ge", "At least  ≥" ],
            [ "eq", "Equal  =" ],
            [ "ne", "Not equal  ≠" ]
          ]
        }
      ],
      "entry": null,
      "variants": {
        "key": "op",
        "of": [
          { "id": "lt", "name": "Less than", "sign": "<" },
          { "id": "le", "name": "At most", "sign": "≤" },
          {
            "id": "gt",
            "name": "Greater than",
            "short": "Greater",
            "sign": ">"
          },
          { "id": "ge", "name": "At least", "sign": "≥" },
          { "id": "eq", "name": "Equal", "sign": "=" },
          { "id": "ne", "name": "Not equal", "sign": "≠" }
        ]
      },
      "unique": false
    },
    {
      "type": "logic",
      "title": "Logic",
      "glyph": "&",
      "color": "#7a5af8",
      "category": "Operators",
      "hint": "Combine true and false. And and Or evaluate both sides.",
      "execIn": [],
      "execOut": [],
      "inputs": [
        { "id": "a", "label": "A", "kind": "bool" },
        { "id": "b", "label": "B", "kind": "bool" }
      ],
      "outputs": [ { "id": "out", "label": "result", "kind": "bool" } ],
      "data": { "op": "and" },
      "fields": [
        {
          "key": "op",
          "label": "Operator",
          "kind": "select",
          "options": [ [ "and", "And" ], [ "or", "Or" ], [ "not", "Not" ] ]
        }
      ],
      "entry": null,
      "variants": {
        "key": "op",
        "of": [
          { "id": "and", "name": "And", "sign": "and" },
          { "id": "or", "name": "Or", "sign": "or" },
          { "id": "not", "name": "Not", "sign": "not" }
        ]
      },
      "unique": false
    },
    {
      "type": "expr",
      "title": "Expression",
      "glyph": "()",
      "color": "#2e90fa",
      "category": "Operators",
      "hint": "A whole calculation typed as text, instead of a chain of a dozen nodes. The names it uses become its input ports, so it wires up like anything else. min, max, abs, sqrt, floor, ceil, round and random are available.",
      "execIn": [],
      "execOut": [],
      "inputs": [],
      "outputs": [ { "id": "out", "label": "result", "kind": "num" } ],
      "data": { "text": "x * x + y * y" },
      "fields": [ { "key": "text", "label": "Expression", "kind": "text" } ],
      "entry": { "key": "text", "placeholder": "x * x + y * y" },
      "variants": null,
      "unique": false
    },
    {
      "type": "const",
      "title": "Constant",
      "glyph": "#",
      "color": "#667085",
      "category": "Values",
      "hint": "One f64.const, for when the same number is wanted in several places. A single use can be typed into the port instead.",
      "execIn": [],
      "execOut": [],
      "inputs": [],
      "outputs": [ { "id": "out", "label": "value", "kind": "num" } ],
      "data": { "value": 0 },
      "fields": [ { "key": "value", "label": "Value", "kind": "number" } ],
      "entry": null,
      "variants": null,
      "unique": false
    },
    {
      "type": "random",
      "title": "Random",
      "glyph": "~",
      "color": "#ee46bc",
      "category": "Values",
      "hint": "A number in [min, max), drawn from the host. The one impure node: it is drawn once each time the node is reached, and every reader of that node sees the same draw.",
      "execIn": [],
      "execOut": [],
      "inputs": [
        { "id": "min", "label": "min", "kind": "num" },
        { "id": "max", "label": "max", "kind": "num" }
      ],
      "outputs": [ { "id": "out", "label": "value", "kind": "num" } ],
      "data": { "values": { "min": 0, "max": 1 } },
      "fields": [],
      "entry": null,
      "variants": null,
      "unique": false
    }
  ]
}
