{
  "categories": [ "Out", "Values", "Operators" ],
  "nodes": [
    {
      "type": "out",
      "title": "Out",
      "glyph": "■",
      "color": "#f79009",
      "category": "Out",
      "hint": "What a cook comes back with. A graph does not have to have one -- Log and Say are ways out too -- but it can only have one.",
      "inputs": [ { "id": "value", "label": "value", "kind": "num" } ],
      "outputs": [],
      "data": {},
      "fields": [],
      "entry": null,
      "variants": null,
      "unique": true
    },
    {
      "type": "log",
      "title": "Log",
      "glyph": "✎",
      "color": "#0ba5ec",
      "category": "Out",
      "hint": "Hand a number to the host, every cook. In the module this is a call to env.log.",
      "inputs": [ { "id": "value", "label": "value", "kind": "num" } ],
      "outputs": [],
      "data": {},
      "fields": [],
      "entry": null,
      "variants": null,
      "unique": false
    },
    {
      "type": "say",
      "title": "Say",
      "glyph": "say",
      "color": "#0ba5ec",
      "category": "Out",
      "hint": "Hand a piece of text to the host, the way Log hands it a number. The text is a literal: there is no memory in a graph to build one in.",
      "inputs": [ { "id": "text", "label": "text", "kind": "text" } ],
      "outputs": [],
      "data": {},
      "fields": [],
      "entry": null,
      "variants": null,
      "unique": false
    },
    {
      "type": "feedback",
      "title": "Feedback",
      "glyph": "↺",
      "color": "#15b79e",
      "category": "Values",
      "hint": "What the last cook left. Reading it gives that; what it is fed is taken up at the end of this cook, at the same moment as every other feedback. This is the only way a graph can depend on itself, and the only way one cook can tell the next anything.",
      "inputs": [ { "id": "value", "label": "next", "kind": "num" } ],
      "outputs": [ { "id": "out", "label": "held", "kind": "num" } ],
      "data": { "name": "held", "holds": "number", "start": 0 },
      "fields": [
        { "key": "name", "label": "Name", "kind": "text" },
        {
          "key": "holds",
          "label": "Holds",
          "kind": "select",
          "options": [ [ "number", "a number" ], [ "flag", "a yes or no" ] ]
        },
        { "key": "start", "label": "Starts at", "kind": "number" }
      ],
      "entry": null,
      "variants": null,
      "unique": false
    },
    {
      "type": "select",
      "title": "Choose",
      "glyph": "?",
      "color": "#f04438",
      "category": "Operators",
      "hint": "One of two values, by a condition. Both are worked out, which is safe because nothing in a graph has an effect where it is read.",
      "inputs": [
        { "id": "cond", "label": "if", "kind": "bool" },
        { "id": "a", "label": "then", "kind": "num" },
        { "id": "b", "label": "else", "kind": "num" }
      ],
      "outputs": [ { "id": "out", "label": "result", "kind": "num" } ],
      "data": { "holds": "number" },
      "fields": [
        {
          "key": "holds",
          "label": "Chooses between",
          "kind": "select",
          "options": [ [ "number", "numbers" ], [ "flag", "yes and no" ] ]
        }
      ],
      "entry": null,
      "variants": null,
      "unique": false
    },
    {
      "type": "binop",
      "title": "Arithmetic",
      "glyph": "+",
      "color": "#2e90fa",
      "category": "Operators",
      "hint": "Combine two numbers.",
      "inputs": [
        { "id": "a", "label": "A", "kind": "num" },
        { "id": "b", "label": "B", "kind": "num" }
      ],
      "outputs": [ { "id": "out", "label": "result", "kind": "num" } ],
      "data": { "op": "add" },
      "fields": [
        {
          "key": "op",
          "label": "Operator",
          "kind": "select",
          "options": [
            [ "add", "Add  +" ],
            [ "sub", "Subtract  −" ],
            [ "mul", "Multiply  ×" ],
            [ "div", "Divide  ÷" ],
            [ "mod", "Remainder  %" ],
            [ "min", "Minimum  min" ],
            [ "max", "Maximum  max" ]
          ]
        }
      ],
      "entry": null,
      "variants": {
        "key": "op",
        "of": [
          { "id": "add", "name": "Add", "sign": "+" },
          { "id": "sub", "name": "Subtract", "sign": "−" },
          { "id": "mul", "name": "Multiply", "sign": "×" },
          { "id": "div", "name": "Divide", "sign": "÷" },
          { "id": "mod", "name": "Remainder", "sign": "%" },
          { "id": "min", "name": "Minimum", "sign": "min" },
          { "id": "max", "name": "Maximum", "sign": "max" }
        ]
      },
      "unique": false
    },
    {
      "type": "unop",
      "title": "Math function",
      "glyph": "ƒ",
      "color": "#2e90fa",
      "category": "Operators",
      "hint": "A built-in that takes one number.",
      "inputs": [ { "id": "a", "label": "A", "kind": "num" } ],
      "outputs": [ { "id": "out", "label": "result", "kind": "num" } ],
      "data": { "op": "abs" },
      "fields": [
        {
          "key": "op",
          "label": "Function",
          "kind": "select",
          "options": [
            [ "neg", "Negate  neg" ],
            [ "abs", "Absolute value  abs" ],
            [ "sqrt", "Square root  sqrt" ],
            [ "floor", "Round down  floor" ],
            [ "ceil", "Round up  ceil" ],
            [ "round", "Round" ]
          ]
        }
      ],
      "entry": null,
      "variants": {
        "key": "op",
        "of": [
          { "id": "neg", "name": "Negate", "sign": "neg" },
          {
            "id": "abs",
            "name": "Absolute value",
            "short": "Absolute",
            "sign": "abs"
          },
          { "id": "sqrt", "name": "Square root", "sign": "sqrt" },
          { "id": "floor", "name": "Round down", "sign": "floor" },
          { "id": "ceil", "name": "Round up", "sign": "ceil" },
          { "id": "round", "name": "Round", "sign": "round" }
        ]
      },
      "unique": false
    },
    {
      "type": "compare",
      "title": "Comparison",
      "glyph": "<",
      "color": "#7a5af8",
      "category": "Operators",
      "hint": "Compare two numbers and produce true or false.",
      "inputs": [
        { "id": "a", "label": "A", "kind": "num" },
        { "id": "b", "label": "B", "kind": "num" }
      ],
      "outputs": [ { "id": "out", "label": "result", "kind": "bool" } ],
      "data": { "op": "lt" },
      "fields": [
        {
          "key": "op",
          "label": "Test",
          "kind": "select",
          "options": [
            [ "lt", "Less than  <" ],
            [ "le", "At most  ≤" ],
            [ "gt", "Greater than  >" ],
            [ "ge", "At least  ≥" ],
            [ "eq", "Equal  =" ],
            [ "ne", "Not equal  ≠" ]
          ]
        }
      ],
      "entry": null,
      "variants": {
        "key": "op",
        "of": [
          { "id": "lt", "name": "Less than", "sign": "<" },
          { "id": "le", "name": "At most", "sign": "≤" },
          {
            "id": "gt",
            "name": "Greater than",
            "short": "Greater",
            "sign": ">"
          },
          { "id": "ge", "name": "At least", "sign": "≥" },
          { "id": "eq", "name": "Equal", "sign": "=" },
          { "id": "ne", "name": "Not equal", "sign": "≠" }
        ]
      },
      "unique": false
    },
    {
      "type": "logic",
      "title": "Logic",
      "glyph": "&",
      "color": "#7a5af8",
      "category": "Operators",
      "hint": "Combine true and false. And and Or work out both sides.",
      "inputs": [
        { "id": "a", "label": "A", "kind": "bool" },
        { "id": "b", "label": "B", "kind": "bool" }
      ],
      "outputs": [ { "id": "out", "label": "result", "kind": "bool" } ],
      "data": { "op": "and" },
      "fields": [
        {
          "key": "op",
          "label": "Operator",
          "kind": "select",
          "options": [ [ "and", "And" ], [ "or", "Or" ], [ "not", "Not" ] ]
        }
      ],
      "entry": null,
      "variants": {
        "key": "op",
        "of": [
          { "id": "and", "name": "And", "sign": "and" },
          { "id": "or", "name": "Or", "sign": "or" },
          { "id": "not", "name": "Not", "sign": "not" }
        ]
      },
      "unique": false
    },
    {
      "type": "expr",
      "title": "Expression",
      "glyph": "()",
      "color": "#2e90fa",
      "category": "Operators",
      "hint": "A whole calculation typed as text, instead of a chain of a dozen nodes. The names it uses become its input ports, so it wires up like anything else. min, max, abs, sqrt, floor, ceil, round and random are available.",
      "inputs": [],
      "outputs": [ { "id": "out", "label": "result", "kind": "num" } ],
      "data": { "text": "x * x + y * y" },
      "fields": [ { "key": "text", "label": "Expression", "kind": "text" } ],
      "entry": { "key": "text", "placeholder": "x * x + y * y" },
      "variants": null,
      "unique": false
    },
    {
      "type": "input",
      "title": "Input",
      "glyph": "in",
      "color": "#7a5af8",
      "category": "Values",
      "hint": "A number the Run panel asks for before the run starts. It keeps what it is given, so every cook reads the same value until it is changed.",
      "inputs": [],
      "outputs": [ { "id": "value", "label": "value", "kind": "num" } ],
      "data": { "name": "n", "value": 10 },
      "fields": [
        { "key": "name", "label": "Name", "kind": "text" },
        { "key": "value", "label": "Default", "kind": "number" }
      ],
      "entry": null,
      "variants": null,
      "unique": false
    },
    {
      "type": "const",
      "title": "Constant",
      "glyph": "#",
      "color": "#667085",
      "category": "Values",
      "hint": "One f64.const, for when the same number is wanted in several places. A single use can be typed into the port instead.",
      "inputs": [],
      "outputs": [ { "id": "out", "label": "value", "kind": "num" } ],
      "data": { "value": 0 },
      "fields": [ { "key": "value", "label": "Value", "kind": "number" } ],
      "entry": null,
      "variants": null,
      "unique": false
    },
    {
      "type": "flag",
      "title": "Yes or No",
      "glyph": "T/F",
      "color": "#7a5af8",
      "category": "Values",
      "hint": "A true or false, written down. Everything else that makes one -- a comparison, an and -- works it out; this is the one that just says it.",
      "inputs": [],
      "outputs": [ { "id": "out", "label": "value", "kind": "bool" } ],
      "data": { "value": "yes" },
      "fields": [
        {
          "key": "value",
          "label": "Value",
          "kind": "select",
          "options": [ [ "yes", "yes (true)" ], [ "no", "no (false)" ] ]
        }
      ],
      "entry": null,
      "variants": null,
      "unique": false
    },
    {
      "type": "text",
      "title": "Text",
      "glyph": "abc",
      "color": "#0ba5ec",
      "category": "Values",
      "hint": "A piece of text, to be said. It is a literal and stays one -- nothing in the language takes text apart or puts it together.",
      "inputs": [],
      "outputs": [ { "id": "out", "label": "text", "kind": "text" } ],
      "data": { "text": "hello" },
      "fields": [ { "key": "text", "label": "Text", "kind": "text" } ],
      "entry": { "key": "text", "placeholder": "hello" },
      "variants": null,
      "unique": false
    },
    {
      "type": "time",
      "title": "Time",
      "glyph": "⏱",
      "color": "#12b76a",
      "category": "Values",
      "hint": "What the host says the time is, in milliseconds, asked afresh every cook. Two readers of it in one cook see the same moment.",
      "inputs": [],
      "outputs": [ { "id": "out", "label": "now", "kind": "num" } ],
      "data": {},
      "fields": [],
      "entry": null,
      "variants": null,
      "unique": false
    },
    {
      "type": "random",
      "title": "Random",
      "glyph": "~",
      "color": "#ee46bc",
      "category": "Values",
      "hint": "A number in [min, max), drawn from the host. The one impure node: it is drawn once per cook per node, and every reader of that node sees the same draw.",
      "inputs": [
        { "id": "min", "label": "min", "kind": "num" },
        { "id": "max", "label": "max", "kind": "num" }
      ],
      "outputs": [ { "id": "out", "label": "value", "kind": "num" } ],
      "data": { "values": { "min": 0, "max": 1 } },
      "fields": [],
      "entry": null,
      "variants": null,
      "unique": false
    }
  ]
}
