fun main(n) -> f64 {
  var run : int = 0
  var r : int = 0
  var c : int = 0
  run = 0
  r = 1
  loop $1 {
    if (float(r) <= n) {
      run = 0
      c = 1
      loop $2 {
        if (c <= r) {
          run = (run + c)
          c = (c + 1)
          br $2
        } else {
          log float(run)
          r = (r + 1)
          br $1
        }
      }
    } else {
      return 0
    }
  }
}
