(func main (result f64)
  (local run int)
  (local r int)
  (local c int)
  (set run 0)
  (set r 1)
  (loop $1
    (if (<= r 5)
      (then
        (set run 0)
        (set c 1)
        (loop $2
          (if (<= c r)
            (then
              (set run (+ run c))
              (set c (+ c 1))
              (br $2))
            (else
              (log (float run))
              (set r (+ r 1))
              (br $1)))))
      (else
        (return 0)))))
