(module
  (import "env" "log" (func $log (param f64)))
  (import "env" "random" (func $random (result f64)))
  (import "env" "watch" (func $watch (param i32) (param f64) (result f64)))
  (import "env" "now" (func $now (result f64)))
  (func $main (export "main") (result f64)
    (local $i i64)
    i64.const 0
    local.set $i
    loop  ;; $1
      local.get $i
      i64.const 10
      i64.lt_s
      if
        local.get $i
        i64.const 3
        i64.rem_s
        f64.convert_i64_s
        call $log
        local.get $i
        i64.const 1
        i64.add
        local.set $i
        br 1  ;; $1
      else
        local.get $i
        f64.convert_i64_s
        f64.const 2.0
        f64.div
        return
      end
    end
    f64.const 0.0
  )
)
