(global rate float 0.25)
(global phase float)
(func main (result f64)
  (local wrap_value float)
  (local result float)
  (local phase_next float)
  (set wrap_value (% phase 4))
  (set result wrap_value)
  (log wrap_value)
  (set phase_next (+ phase rate))
  (set phase phase_next)
  (return result))
