                                                                               
                                                     ....                      
                                                     ...+.....                 
                                                   ....++++....                
                                              .......+#####+++...              
                                         ............+######+............      
                                      ....++##++#+###############+..+++++.     
                                   ........++#########################++...    
                    ....................+##############################+..+    
                   .....+++..++++......+#################################...   
                  ......++##########+++##################################+.    
          .........++++#################################################+..    
 ......++..+.++++++##################################################+....     
         ..........+++++###############################################+...    
                  ....++++##########+++#################################+..    
                   .....++++++++++....++################################+...   
                    ....................++#############################+..+.   
                                  .......+++##########################+....    
                                      .....++##+#################++.+++++.     
                                         ....+.......++####++..........+.      
                                              .......+######+....              
                                                   ....++#+....                
                                                     ...+..+..                 
                                                     ..+.                      
                                                                               
