val sign : int array * int -> string = fn
val total : int array * int * int -> int = fn
val pick : int array * int -> string = fn
val swap : 'a array * int * int -> 'a array = fn
val either : int array * int * int ref -> int = fn
val bump : int ref -> int = fn
val a : int array = [|3, 0, 1, ~4, 5|]
val signs : string * string = ("pos", "neg")
val t : int = 5
val picked : string * string * string = ("zero", "one", "5")
val swapped : int list = [5, 0, 1, ~4, 3]
val r : int ref = ref 20
val eithers : int * int = (6, 40)
val bumped : int * int * int = (21, 22, 22)
val lengths : int * int = (5, 0)
val strs : string array = [|"z", "z", "z"|]
val got : string * string * int = ("z", "hello!", 3)
val ends : 'a array -> 'a * 'a = fn
val edges : int * int = (5, 3)
