val one : real = 1.0
val negative : real = ~1.5
val tenth : real = 0.1
val exponent : real = 15000000000.0
val small : real = 0.0015
val sum : real = 1.1
val difference : real = ~1.5
val product : real = ~6.0
val quotient : real = 0.333333333333
val negated : real = ~1.1
val ints : int = 41
val twiceOf : int -> int = fn
val twiceOfInt : int = 42
val less : bool = true
val notGreater : bool = true
val same : bool = true
val root : real = 1.41421356237
val rootOfNine : real = 3.0
val text : string = "0.333333333333"
val fromSeven : real = 7.0
val floored : int = 2
val flooredNegative : int = ~3
val ordering : int = 1
val xs : real list = [1.0, ~1.5, 0.1, 100.0, 0.0]
val doubled : real list = [2.0, ~3.0, 0.2, 200.0, 0.0]
val total : real = 99.6
val fixed : real list = [0.0001, 123456789012.0]
val scientific : real list = [1.0E~5, 1.0E12, 1.0E~300, 1.0E300]
val digits : real list = [0.333333333333, 0.666666666667, 3.14159265359]
val notNumbers : real list = [inf, ~inf, nan]
1.41421356237
