val answer : int = 42
val yes : bool = true
val nothing : unit = ()
val point : int * int = (3, 4)
val negative : int = -42
val ordered : bool = true
val quotient : int = -3
val remainder : int = -1
val distance : (int, int) -> int = fn
val squared : int = 25
val fromPair : int = 25
val px : int = 3
val py : int = 4
val swap : 'a * 'b -> 'b * 'a = fn
val swapped : int * int = (4, 3)
val adder : int -> int -> int = fn
val addTen : int -> int = fn
val eleven : int = 11
val triangle : int -> int = fn
val tenth : int = 55
val fact : int -> int = fn
val even : int -> bool = fn
val odd : int -> bool = fn
val twentyFactorial : int = 2432902008176640000
val oddMillion : bool = true
val identity : 'a -> 'a = fn
val compose : ('a -> 'b, 'c -> 'a) -> 'c -> 'b = fn
val doubleThenAdd : int -> int = fn
val seven : int = 7
val square : int -> int = fn
val nine : int = 9
